feature@org.eclipse.edt.feature=v201104011127,:pserver:anonymous@dev.eclipse.org:/cvsroot/tools,,org.eclipse.edt/core/org.eclipse.edt.feature
plugin@org.eclipse.edt.compiler=v201104261327,:pserver:anonymous@dev.eclipse.org:/cvsroot/tools,,org.eclipse.edt/core/org.eclipse.edt.compiler
plugin@org.eclipse.edt.mof=v201104011130,:pserver:anonymous@dev.eclipse.org:/cvsroot/tools,,org.eclipse.edt/core/org.eclipse.edt.mof
plugin@org.eclipse.edt.mof.egl=v201104261622,:pserver:anonymous@dev.eclipse.org:/cvsroot/tools,,org.eclipse.edt/core/org.eclipse.edt.mof.egl
plugin@org.eclipse.edt.gen=v201104281200,:pserver:anonymous@dev.eclipse.org:/cvsroot/tools,,org.eclipse.edt/gen/org.eclipse.edt.gen
plugin@org.eclipse.edt.gen.generator.example=v201104261414,:pserver:anonymous@dev.eclipse.org:/cvsroot/tools,,org.eclipse.edt/gen/org.eclipse.edt.gen.generator.example
plugin@org.eclipse.edt.gen.generator.java=v201104220817,:pserver:anonymous@dev.eclipse.org:/cvsroot/tools,,org.eclipse.edt/gen/org.eclipse.edt.gen.generator.java
plugin@org.eclipse.edt.gen.generator.javascript=v201104061116,:pserver:anonymous@dev.eclipse.org:/cvsroot/tools,,org.eclipse.edt/gen/org.eclipse.edt.gen.generator.javascript
plugin@org.eclipse.edt.gen.java=v201104271539,:pserver:anonymous@dev.eclipse.org:/cvsroot/tools,,org.eclipse.edt/gen/org.eclipse.edt.gen.java
plugin@org.eclipse.edt.gen.java.templates=v201104281200,:pserver:anonymous@dev.eclipse.org:/cvsroot/tools,,org.eclipse.edt/gen/org.eclipse.edt.gen.java.templates
plugin@org.eclipse.edt.gen.java.templates.egl.core=v201104140811,:pserver:anonymous@dev.eclipse.org:/cvsroot/tools,,org.eclipse.edt/gen/org.eclipse.edt.gen.java.templates.egl.core
plugin@org.eclipse.edt.gen.java.templates.egl.lang=v201104271539,:pserver:anonymous@dev.eclipse.org:/cvsroot/tools,,org.eclipse.edt/gen/org.eclipse.edt.gen.java.templates.egl.lang
plugin@org.eclipse.edt.gen.javascript=v201104141108,:pserver:anonymous@dev.eclipse.org:/cvsroot/tools,,org.eclipse.edt/gen/org.eclipse.edt.gen.javascript
plugin@org.eclipse.edt.gen.javascript.templates=v201104141108,:pserver:anonymous@dev.eclipse.org:/cvsroot/tools,,org.eclipse.edt/gen/org.eclipse.edt.gen.javascript.templates
plugin@org.eclipse.edt.gen.javascript.templates.egl.core=v201104140811,:pserver:anonymous@dev.eclipse.org:/cvsroot/tools,,org.eclipse.edt/gen/org.eclipse.edt.gen.javascript.templates.egl.core
plugin@org.eclipse.edt.gen.javascript.templates.egl.lang=v201104061116,:pserver:anonymous@dev.eclipse.org:/cvsroot/tools,,org.eclipse.edt/gen/org.eclipse.edt.gen.javascript.templates.egl.lang
plugin@org.eclipse.edt.core.doc.cr=v201104011127,:pserver:anonymous@dev.eclipse.org:/cvsroot/tools,,org.eclipse.edt/core/org.eclipse.edt.core.doc.cr
plugin@org.eclipse.edt.core.doc.lr=v201104011127,:pserver:anonymous@dev.eclipse.org:/cvsroot/tools,,org.eclipse.edt/core/org.eclipse.edt.core.doc.lr
plugin@org.eclipse.edt.core.doc.pg=v201104011127,:pserver:anonymous@dev.eclipse.org:/cvsroot/tools,,org.eclipse.edt/core/org.eclipse.edt.core.doc.pg
plugin@org.eclipse.edt.core.doc.top=v201104011127,:pserver:anonymous@dev.eclipse.org:/cvsroot/tools,,org.eclipse.edt/core/org.eclipse.edt.core.doc.top

feature@org.eclipse.edt.tests.feature=v201102251630,:pserver:anonymous@dev.eclipse.org:/cvsroot/tools,,org.eclipse.edt/tests/org.eclipse.edt.tests.feature
plugin@org.eclipse.edt.compiler.tests plugin=v201102251630,:pserver:anonymous@dev.eclipse.org:/cvsroot/tools,,org.eclipse.edt/tests/org.eclipse.edt.compiler.tests

plugin@org.eclipse.test=v20080313,:pserver:anonymous@dev.eclipse.org:/cvsroot/eclipse,
fragment@org.eclipse.ant.optional.junit=v20070202,:pserver:anonymous@dev.eclipse.org:/cvsroot/eclipse,