feature@org.eclipse.edt.sdk.feature=v201106091321,:pserver:anonymous@dev.eclipse.org:/cvsroot/tools,,org.eclipse.edt/core/org.eclipse.edt.sdk.feature

feature@org.eclipse.edt.feature=v201109071211,:pserver:anonymous@dev.eclipse.org:/cvsroot/tools,,org.eclipse.edt/core/org.eclipse.edt.feature
plugin@org.eclipse.edt.compiler=v201109060833,:pserver:anonymous@dev.eclipse.org:/cvsroot/tools,,org.eclipse.edt/core/org.eclipse.edt.compiler
plugin@org.eclipse.edt.core.doc.cr=v201108251003,:pserver:anonymous@dev.eclipse.org:/cvsroot/tools,,org.eclipse.edt/core/org.eclipse.edt.core.doc.cr
plugin@org.eclipse.edt.core.doc.lr=v201109012222,:pserver:anonymous@dev.eclipse.org:/cvsroot/tools,,org.eclipse.edt/core/org.eclipse.edt.core.doc.lr
plugin@org.eclipse.edt.core.doc.pg=v201109012222,:pserver:anonymous@dev.eclipse.org:/cvsroot/tools,,org.eclipse.edt/core/org.eclipse.edt.core.doc.pg
plugin@org.eclipse.edt.core.doc.top=v201108241450,:pserver:anonymous@dev.eclipse.org:/cvsroot/tools,,org.eclipse.edt/core/org.eclipse.edt.core.doc.top
plugin@org.eclipse.edt.debug.core=v201109071255,:pserver:anonymous@dev.eclipse.org:/cvsroot/tools,,org.eclipse.edt/debug/org.eclipse.edt.debug.core
plugin@org.eclipse.edt.debug.ui=v201108291737,:pserver:anonymous@dev.eclipse.org:/cvsroot/tools,,org.eclipse.edt/debug/org.eclipse.edt.debug.ui
plugin@org.eclipse.edt.gen=v201109031125,:pserver:anonymous@dev.eclipse.org:/cvsroot/tools,,org.eclipse.edt/gen/org.eclipse.edt.gen
plugin@org.eclipse.edt.gen.deployment.javascript=v201109020821,:pserver:anonymous@dev.eclipse.org:/cvsroot/tools,,org.eclipse.edt/gen/org.eclipse.edt.gen.deployment.javascript
plugin@org.eclipse.edt.gen.deployment.javascript.templates=v201109021008,:pserver:anonymous@dev.eclipse.org:/cvsroot/tools,,org.eclipse.edt/gen/org.eclipse.edt.gen.deployment.javascript.templates
plugin@org.eclipse.edt.gen.egl=v201108191522,:pserver:anonymous@dev.eclipse.org:/cvsroot/tools,,org.eclipse.edt/gen/org.eclipse.edt.gen.egl
plugin@org.eclipse.edt.gen.egl.templates=v201108191522,:pserver:anonymous@dev.eclipse.org:/cvsroot/tools,,org.eclipse.edt/gen/org.eclipse.edt.gen.egl.templates
plugin@org.eclipse.edt.gen.eunit=v201108251429,:pserver:anonymous@dev.eclipse.org:/cvsroot/tools,,org.eclipse.edt/gen/org.eclipse.edt.gen.eunit
plugin@org.eclipse.edt.gen.generator.deployment.javascript=v201108191522,:pserver:anonymous@dev.eclipse.org:/cvsroot/tools,,org.eclipse.edt/gen/org.eclipse.edt.gen.generator.deployment.javascript
plugin@org.eclipse.edt.gen.generator.egl=v201108191522,:pserver:anonymous@dev.eclipse.org:/cvsroot/tools,,org.eclipse.edt/gen/org.eclipse.edt.gen.generator.egl
plugin@org.eclipse.edt.gen.generator.eglsource=v201108251024,:pserver:anonymous@dev.eclipse.org:/cvsroot/tools,,org.eclipse.edt/gen/org.eclipse.edt.gen.generator.eglsource
plugin@org.eclipse.edt.gen.generator.example=v201109070231,:pserver:anonymous@dev.eclipse.org:/cvsroot/tools,,org.eclipse.edt/gen/org.eclipse.edt.gen.generator.example
plugin@org.eclipse.edt.gen.generator.java=v201108301730,:pserver:anonymous@dev.eclipse.org:/cvsroot/tools,,org.eclipse.edt/gen/org.eclipse.edt.gen.generator.java
plugin@org.eclipse.edt.gen.generator.javascript=v201108081547,:pserver:anonymous@dev.eclipse.org:/cvsroot/tools,,org.eclipse.edt/gen/org.eclipse.edt.gen.generator.javascript
plugin@org.eclipse.edt.gen.java=v201109022249,:pserver:anonymous@dev.eclipse.org:/cvsroot/tools,,org.eclipse.edt/gen/org.eclipse.edt.gen.java
plugin@org.eclipse.edt.gen.java.templates=v201109061426,:pserver:anonymous@dev.eclipse.org:/cvsroot/tools,,org.eclipse.edt/gen/org.eclipse.edt.gen.java.templates
plugin@org.eclipse.edt.gen.java.templates.egl.lang=v201109011205,:pserver:anonymous@dev.eclipse.org:/cvsroot/tools,,org.eclipse.edt/gen/org.eclipse.edt.gen.java.templates.egl.lang
plugin@org.eclipse.edt.gen.java.templates.eglx.persistence=v201108310938,:pserver:anonymous@dev.eclipse.org:/cvsroot/tools,,org.eclipse.edt/gen/org.eclipse.edt.gen.java.templates.eglx.persistence
plugin@org.eclipse.edt.gen.javascript=v201109031518,:pserver:anonymous@dev.eclipse.org:/cvsroot/tools,,org.eclipse.edt/gen/org.eclipse.edt.gen.javascript
plugin@org.eclipse.edt.gen.javascript.templates=v201109031518,:pserver:anonymous@dev.eclipse.org:/cvsroot/tools,,org.eclipse.edt/gen/org.eclipse.edt.gen.javascript.templates
plugin@org.eclipse.edt.gen.javascript.templates.egl.core=F08081647,:pserver:anonymous@dev.eclipse.org:/cvsroot/tools,,org.eclipse.edt/gen/org.eclipse.edt.gen.javascript.templates.egl.core
plugin@org.eclipse.edt.gen.javascript.templates.egl.lang=v201109031518,:pserver:anonymous@dev.eclipse.org:/cvsroot/tools,,org.eclipse.edt/gen/org.eclipse.edt.gen.javascript.templates.egl.lang
plugin@org.eclipse.edt.gen.javascriptdev=v201109070231,:pserver:anonymous@dev.eclipse.org:/cvsroot/tools,,org.eclipse.edt/gen/org.eclipse.edt.gen.javascriptdev
plugin@org.eclipse.edt.ide.compiler=v201109070231,:pserver:anonymous@dev.eclipse.org:/cvsroot/tools,,org.eclipse.edt/ide/org.eclipse.edt.ide.compiler
plugin@org.eclipse.edt.ide.core=v201109070231,:pserver:anonymous@dev.eclipse.org:/cvsroot/tools,,org.eclipse.edt/ide/org.eclipse.edt.ide.core
plugin@org.eclipse.edt.ide.deployment=v201108300615,:pserver:anonymous@dev.eclipse.org:/cvsroot/tools,,org.eclipse.edt/ide/org.eclipse.edt.ide.deployment
plugin@org.eclipse.edt.ide.deployment.core=v201108300623,:pserver:anonymous@dev.eclipse.org:/cvsroot/tools,,org.eclipse.edt/ide/org.eclipse.edt.ide.deployment.core
plugin@org.eclipse.edt.ide.deployment.rui=v201109060155,:pserver:anonymous@dev.eclipse.org:/cvsroot/tools,,org.eclipse.edt/ide/org.eclipse.edt.ide.deployment.rui
plugin@org.eclipse.edt.ide.deployment.services=v201109060155,:pserver:anonymous@dev.eclipse.org:/cvsroot/tools,,org.eclipse.edt/ide/org.eclipse.edt.ide.deployment.services
plugin@org.eclipse.edt.ide.doc=v201109012222,:pserver:anonymous@dev.eclipse.org:/cvsroot/tools,,org.eclipse.edt/core/org.eclipse.edt.ide.doc
plugin@org.eclipse.edt.ide.eunit=v201108251545,:pserver:anonymous@dev.eclipse.org:/cvsroot/tools,,org.eclipse.edt/ide/org.eclipse.edt.ide.eunit
plugin@org.eclipse.edt.ide.generator.egl=v201108191522,:pserver:anonymous@dev.eclipse.org:/cvsroot/tools,,org.eclipse.edt/ide/org.eclipse.edt.ide.generator.egl
plugin@org.eclipse.edt.ide.rui=v201109071255,:pserver:anonymous@dev.eclipse.org:/cvsroot/tools,,org.eclipse.edt/ide/org.eclipse.edt.ide.rui
plugin@org.eclipse.edt.ide.rui.visualeditor=v201109060626,:pserver:anonymous@dev.eclipse.org:/cvsroot/tools,,org.eclipse.edt/ide/org.eclipse.edt.ide.rui.visualeditor
plugin@org.eclipse.edt.ide.sql=v201109070324,:pserver:anonymous@dev.eclipse.org:/cvsroot/tools,,org.eclipse.edt/ide/org.eclipse.edt.ide.sql
plugin@org.eclipse.edt.ide.ui=v201109070324,:pserver:anonymous@dev.eclipse.org:/cvsroot/tools,,org.eclipse.edt/ide/org.eclipse.edt.ide.ui
plugin@org.eclipse.edt.ide.ui.resources=v201109071140,:pserver:anonymous@dev.eclipse.org:/cvsroot/tools,,org.eclipse.edt/ide/org.eclipse.edt.ide.ui.resources
plugin@org.eclipse.edt.mof=v201109060845,:pserver:anonymous@dev.eclipse.org:/cvsroot/tools,,org.eclipse.edt/core/org.eclipse.edt.mof
plugin@org.eclipse.edt.mof.egl=v201108301132,:pserver:anonymous@dev.eclipse.org:/cvsroot/tools,,org.eclipse.edt/core/org.eclipse.edt.mof.egl
plugin@org.eclipse.edt.mof.eglx.persistence.sql=v201109021243,:pserver:anonymous@dev.eclipse.org:/cvsroot/tools,,org.eclipse.edt/core/org.eclipse.edt.mof.eglx.persistence.sql
plugin@org.eclipse.edt.runtime.java=v201109061710,:pserver:anonymous@dev.eclipse.org:/cvsroot/tools,,org.eclipse.edt/runtimes/org.eclipse.edt.runtime.java
plugin@org.eclipse.edt.runtime.javascript=v201109061158,:pserver:anonymous@dev.eclipse.org:/cvsroot/tools,,org.eclipse.edt/runtimes/org.eclipse.edt.runtime.javascript

feature@org.eclipse.edt.tests.feature=v201102251630,:pserver:anonymous@dev.eclipse.org:/cvsroot/tools,,org.eclipse.edt/tests/org.eclipse.edt.tests.feature
plugin@org.eclipse.edt.compiler.tests plugin=v201102251630,:pserver:anonymous@dev.eclipse.org:/cvsroot/tools,,org.eclipse.edt/tests/org.eclipse.edt.compiler.tests

plugin@org.eclipse.test=v20080313,:pserver:anonymous@dev.eclipse.org:/cvsroot/eclipse,
fragment@org.eclipse.ant.optional.junit=v20070202,:pserver:anonymous@dev.eclipse.org:/cvsroot/eclipse,