feature@org.eclipse.edt.sdk.feature=v201111281704,:pserver:anonymous@dev.eclipse.org:/cvsroot/tools,,org.eclipse.edt/core/org.eclipse.edt.sdk.feature

feature@org.eclipse.edt.feature=v201111281704,:pserver:anonymous@dev.eclipse.org:/cvsroot/tools,,org.eclipse.edt/core/org.eclipse.edt.feature
plugin@org.eclipse.edt.compiler=v201112141411,:pserver:anonymous@dev.eclipse.org:/cvsroot/tools,,org.eclipse.edt/core/org.eclipse.edt.compiler
plugin@org.eclipse.edt.core.doc.cr=v201111141420,:pserver:anonymous@dev.eclipse.org:/cvsroot/tools,,org.eclipse.edt/core/org.eclipse.edt.core.doc.cr
plugin@org.eclipse.edt.core.doc.lr=v20111129150,:pserver:anonymous@dev.eclipse.org:/cvsroot/tools,,org.eclipse.edt/core/org.eclipse.edt.core.doc.lr
plugin@org.eclipse.edt.core.doc.pg=v20111129150,:pserver:anonymous@dev.eclipse.org:/cvsroot/tools,,org.eclipse.edt/core/org.eclipse.edt.core.doc.pg
plugin@org.eclipse.edt.core.doc.top=v201111272047,:pserver:anonymous@dev.eclipse.org:/cvsroot/tools,,org.eclipse.edt/core/org.eclipse.edt.core.doc.top
plugin@org.eclipse.edt.debug.core=v201111111111,:pserver:anonymous@dev.eclipse.org:/cvsroot/tools,,org.eclipse.edt/debug/org.eclipse.edt.debug.core
plugin@org.eclipse.edt.debug.javascript=v201111111111,:pserver:anonymous@dev.eclipse.org:/cvsroot/tools,,org.eclipse.edt/debug/org.eclipse.edt.debug.javascript
plugin@org.eclipse.edt.debug.ui=v201111111111,:pserver:anonymous@dev.eclipse.org:/cvsroot/tools,,org.eclipse.edt/debug/org.eclipse.edt.debug.ui
plugin@org.eclipse.edt.feature.branding=v201111091401,:pserver:anonymous@dev.eclipse.org:/cvsroot/tools,,org.eclipse.edt/core/org.eclipse.edt.feature.branding
plugin@org.eclipse.edt.gen=v201111220748,:pserver:anonymous@dev.eclipse.org:/cvsroot/tools,,org.eclipse.edt/gen/org.eclipse.edt.gen
plugin@org.eclipse.edt.gen.deployment.javascript=v201111162353,:pserver:anonymous@dev.eclipse.org:/cvsroot/tools,,org.eclipse.edt/gen/org.eclipse.edt.gen.deployment.javascript
plugin@org.eclipse.edt.gen.deployment.javascript.templates=v201111281151,:pserver:anonymous@dev.eclipse.org:/cvsroot/tools,,org.eclipse.edt/gen/org.eclipse.edt.gen.deployment.javascript.templates
plugin@org.eclipse.edt.gen.egl=v201109261657,:pserver:anonymous@dev.eclipse.org:/cvsroot/tools,,org.eclipse.edt/gen/org.eclipse.edt.gen.egl
plugin@org.eclipse.edt.gen.egl.templates=v201108191522,:pserver:anonymous@dev.eclipse.org:/cvsroot/tools,,org.eclipse.edt/gen/org.eclipse.edt.gen.egl.templates
plugin@org.eclipse.edt.gen.eunit=v20111109_1632,:pserver:anonymous@dev.eclipse.org:/cvsroot/tools,,org.eclipse.edt/gen/org.eclipse.edt.gen.eunit
plugin@org.eclipse.edt.gen.generator.deployment.javascript=v201108191522,:pserver:anonymous@dev.eclipse.org:/cvsroot/tools,,org.eclipse.edt/gen/org.eclipse.edt.gen.generator.deployment.javascript
plugin@org.eclipse.edt.gen.generator.egl=v201108191522,:pserver:anonymous@dev.eclipse.org:/cvsroot/tools,,org.eclipse.edt/gen/org.eclipse.edt.gen.generator.egl
plugin@org.eclipse.edt.gen.generator.eglsource=v201110261458,:pserver:anonymous@dev.eclipse.org:/cvsroot/tools,,org.eclipse.edt/gen/org.eclipse.edt.gen.generator.eglsource
plugin@org.eclipse.edt.gen.generator.example=v201111080254,:pserver:anonymous@dev.eclipse.org:/cvsroot/tools,,org.eclipse.edt/gen/org.eclipse.edt.gen.generator.example
plugin@org.eclipse.edt.gen.generator.java=v201110010935,:pserver:anonymous@dev.eclipse.org:/cvsroot/tools,,org.eclipse.edt/gen/org.eclipse.edt.gen.generator.java
plugin@org.eclipse.edt.gen.generator.javascript=v201109261551,:pserver:anonymous@dev.eclipse.org:/cvsroot/tools,,org.eclipse.edt/gen/org.eclipse.edt.gen.generator.javascript
plugin@org.eclipse.edt.gen.java=v201111181149,:pserver:anonymous@dev.eclipse.org:/cvsroot/tools,,org.eclipse.edt/gen/org.eclipse.edt.gen.java
plugin@org.eclipse.edt.gen.java.templates=v201111211615,:pserver:anonymous@dev.eclipse.org:/cvsroot/tools,,org.eclipse.edt/gen/org.eclipse.edt.gen.java.templates
plugin@org.eclipse.edt.gen.java.templates.egl.lang=v201111181031,:pserver:anonymous@dev.eclipse.org:/cvsroot/tools,,org.eclipse.edt/gen/org.eclipse.edt.gen.java.templates.egl.lang
plugin@org.eclipse.edt.gen.java.templates.eglx.persistence=v201111100850,:pserver:anonymous@dev.eclipse.org:/cvsroot/tools,,org.eclipse.edt/gen/org.eclipse.edt.gen.java.templates.eglx.persistence
plugin@org.eclipse.edt.gen.javascript=v201111210454,:pserver:anonymous@dev.eclipse.org:/cvsroot/tools,,org.eclipse.edt/gen/org.eclipse.edt.gen.javascript
plugin@org.eclipse.edt.gen.javascript.templates=v201112130255,:pserver:anonymous@dev.eclipse.org:/cvsroot/tools,,org.eclipse.edt/gen/org.eclipse.edt.gen.javascript.templates
plugin@org.eclipse.edt.gen.javascript.templates.egl.core=v201110240926,:pserver:anonymous@dev.eclipse.org:/cvsroot/tools,,org.eclipse.edt/gen/org.eclipse.edt.gen.javascript.templates.egl.core
plugin@org.eclipse.edt.gen.javascript.templates.egl.lang=v201111210454,:pserver:anonymous@dev.eclipse.org:/cvsroot/tools,,org.eclipse.edt/gen/org.eclipse.edt.gen.javascript.templates.egl.lang
plugin@org.eclipse.edt.gen.javascript.templates.eglx.services=v201111231957,:pserver:anonymous@dev.eclipse.org:/cvsroot/tools,,org.eclipse.edt/gen/org.eclipse.edt.gen.javascript.templates.eglx.services
plugin@org.eclipse.edt.gen.javascriptdev=v201112140037,:pserver:anonymous@dev.eclipse.org:/cvsroot/tools,,org.eclipse.edt/gen/org.eclipse.edt.gen.javascriptdev
plugin@org.eclipse.edt.ide.compiler=v201111080254,:pserver:anonymous@dev.eclipse.org:/cvsroot/tools,,org.eclipse.edt/ide/org.eclipse.edt.ide.compiler
plugin@org.eclipse.edt.ide.core=v201112141411,:pserver:anonymous@dev.eclipse.org:/cvsroot/tools,,org.eclipse.edt/ide/org.eclipse.edt.ide.core
plugin@org.eclipse.edt.ide.deployment=v201111151002,:pserver:anonymous@dev.eclipse.org:/cvsroot/tools,,org.eclipse.edt/ide/org.eclipse.edt.ide.deployment
plugin@org.eclipse.edt.ide.deployment.core=v201110280157,:pserver:anonymous@dev.eclipse.org:/cvsroot/tools,,org.eclipse.edt/ide/org.eclipse.edt.ide.deployment.core
plugin@org.eclipse.edt.ide.deployment.rui=v201111151002,:pserver:anonymous@dev.eclipse.org:/cvsroot/tools,,org.eclipse.edt/ide/org.eclipse.edt.ide.deployment.rui
plugin@org.eclipse.edt.ide.deployment.services=v201111232320,:pserver:anonymous@dev.eclipse.org:/cvsroot/tools,,org.eclipse.edt/ide/org.eclipse.edt.ide.deployment.services
plugin@org.eclipse.edt.ide.doc=v20111129150,:pserver:anonymous@dev.eclipse.org:/cvsroot/tools,,org.eclipse.edt/core/org.eclipse.edt.ide.doc
plugin@org.eclipse.edt.ide.eunit=v20111111_1129,:pserver:anonymous@dev.eclipse.org:/cvsroot/tools,,org.eclipse.edt/ide/org.eclipse.edt.ide.eunit
plugin@org.eclipse.edt.ide.rui=v201111210827,:pserver:anonymous@dev.eclipse.org:/cvsroot/tools,,org.eclipse.edt/ide/org.eclipse.edt.ide.rui
plugin@org.eclipse.edt.ide.rui.visualeditor=v201111090831,:pserver:anonymous@dev.eclipse.org:/cvsroot/tools,,org.eclipse.edt/ide/org.eclipse.edt.ide.rui.visualeditor
plugin@org.eclipse.edt.ide.sql=V201111092139,:pserver:anonymous@dev.eclipse.org:/cvsroot/tools,,org.eclipse.edt/ide/org.eclipse.edt.ide.sql
plugin@org.eclipse.edt.ide.ui=v201112190719,:pserver:anonymous@dev.eclipse.org:/cvsroot/tools,,org.eclipse.edt/ide/org.eclipse.edt.ide.ui
plugin@org.eclipse.edt.ide.ui.resources=v201111160021,:pserver:anonymous@dev.eclipse.org:/cvsroot/tools,,org.eclipse.edt/ide/org.eclipse.edt.ide.ui.resources
plugin@org.eclipse.edt.mof=v201112091356,:pserver:anonymous@dev.eclipse.org:/cvsroot/tools,,org.eclipse.edt/core/org.eclipse.edt.mof
plugin@org.eclipse.edt.mof.egl=v201112141411,:pserver:anonymous@dev.eclipse.org:/cvsroot/tools,,org.eclipse.edt/core/org.eclipse.edt.mof.egl
plugin@org.eclipse.edt.mof.eglx.persistence.sql=v201111092010,:pserver:anonymous@dev.eclipse.org:/cvsroot/tools,,org.eclipse.edt/core/org.eclipse.edt.mof.eglx.persistence.sql
plugin@org.eclipse.edt.mof.eglx.services=v201111071255,:pserver:anonymous@dev.eclipse.org:/cvsroot/tools,,org.eclipse.edt/core/org.eclipse.edt.mof.eglx.services
plugin@org.eclipse.edt.runtime.java=v201111291149,:pserver:anonymous@dev.eclipse.org:/cvsroot/tools,,org.eclipse.edt/runtimes/org.eclipse.edt.runtime.java
plugin@org.eclipse.edt.runtime.javascript=v201112142214,:pserver:anonymous@dev.eclipse.org:/cvsroot/tools,,org.eclipse.edt/runtimes/org.eclipse.edt.runtime.javascript

feature@org.eclipse.edt.tests.feature=v201109281105,:pserver:anonymous@dev.eclipse.org:/cvsroot/tools,,org.eclipse.edt/tests/org.eclipse.edt.tests.feature
plugin@org.eclipse.edt.compiler.tests=v201109281105,:pserver:anonymous@dev.eclipse.org:/cvsroot/tools,,org.eclipse.edt/tests/org.eclipse.edt.compiler.tests

plugin@org.eclipse.test=v20080313,:pserver:anonymous@dev.eclipse.org:/cvsroot/eclipse,
fragment@org.eclipse.ant.optional.junit=v20070202,:pserver:anonymous@dev.eclipse.org:/cvsroot/eclipse,